
  2x3 GraphBLAS int32_t matrix, hypersparse by row
  no entries

