3 4 0
9 12 10
15 20 20

1 1 0
3 3 2
3 4 4

1 1 0
3 3 2
3 4 4

3 4 0
9 12 10
15 20 20

1 1 0
1 1 1
1 1 1

